// Jest Snapshot v1, https://goo.gl/fbAQLP

exports[`Root should create a store and dispatches an action if provided with a file 1`] = `<App />`;

exports[`Root should render the App component 1`] = `<App />`;
